map_objects_by_name->
ECAD_NAME "TMR16"
ECAD_ALT_NAME "70-0068"
ECAD_TYPE ""
MCAD_NAME "TMR16"
MCAD_TYPE "part"
END

map_objects_by_name->
ECAD_NAME "C0603"
ECAD_ALT_NAME "10-0007"
ECAD_TYPE ""
MCAD_NAME "C0603"
MCAD_TYPE "part"
END

map_objects_by_name->
ECAD_NAME "R0603"
ECAD_ALT_NAME "01-0357"
ECAD_TYPE ""
MCAD_NAME "R0603"
MCAD_TYPE "part"
END

map_objects_by_name->
ECAD_NAME "C0805"
ECAD_ALT_NAME "10-0036"
ECAD_TYPE ""
MCAD_NAME "C0805"
MCAD_TYPE "part"
END

map_objects_by_name->
ECAD_NAME "B2B-PH-SM4-TB"
ECAD_ALT_NAME "70-0086"
ECAD_TYPE ""
MCAD_NAME "B2B-PH-SM4-TB"
MCAD_TYPE "part"
END

map_objects_by_name->
ECAD_NAME "C0603"
ECAD_ALT_NAME "10-0103"
ECAD_TYPE ""
MCAD_NAME "C0603"
MCAD_TYPE "part"
END

map_objects_by_name->
ECAD_NAME "C0402"
ECAD_ALT_NAME "10-0058"
ECAD_TYPE ""
MCAD_NAME "C0402"
MCAD_TYPE "part"
END

map_objects_by_name->
ECAD_NAME "PCM12SMTR"
ECAD_ALT_NAME "80-0018"
ECAD_TYPE ""
MCAD_NAME "PCM12SMTR"
MCAD_TYPE "part"
END

map_objects_by_name->
ECAD_NAME "AMP7-188275-4"
ECAD_ALT_NAME "70-0014"
ECAD_TYPE ""
MCAD_NAME "AMP7-188275-4"
MCAD_TYPE "part"
END

map_objects_by_name->
ECAD_NAME "SOT23_6"
ECAD_ALT_NAME "40-0260"
ECAD_TYPE ""
MCAD_NAME "SOT23_6"
MCAD_TYPE "part"
END

map_objects_by_name->
ECAD_NAME "FC135"
ECAD_ALT_NAME "81-0002"
ECAD_TYPE ""
MCAD_NAME "FC135"
MCAD_TYPE "part"
END

map_objects_by_name->
ECAD_NAME "C0402"
ECAD_ALT_NAME "10-0065"
ECAD_TYPE ""
MCAD_NAME "C0402"
MCAD_TYPE "part"
END

map_objects_by_name->
ECAD_NAME "R0402"
ECAD_ALT_NAME "02-0098"
ECAD_TYPE ""
MCAD_NAME "R0402"
MCAD_TYPE "part"
END

map_objects_by_name->
ECAD_NAME "QFN32_050_500_500_090"
ECAD_ALT_NAME "40-0258"
ECAD_TYPE ""
MCAD_NAME "QFN32_050_500_500_090"
MCAD_TYPE "part"
END

map_objects_by_name->
ECAD_NAME "C0402"
ECAD_ALT_NAME "10-0060"
ECAD_TYPE ""
MCAD_NAME "C0402"
MCAD_TYPE "part"
END

map_objects_by_name->
ECAD_NAME "R0603"
ECAD_ALT_NAME "01-0289"
ECAD_TYPE ""
MCAD_NAME "R0603"
MCAD_TYPE "part"
END

map_objects_by_name->
ECAD_NAME "SOT23"
ECAD_ALT_NAME "20-0062"
ECAD_TYPE ""
MCAD_NAME "SOT23"
MCAD_TYPE "part"
END

map_objects_by_name->
ECAD_NAME "C0402"
ECAD_ALT_NAME "10-0089"
ECAD_TYPE ""
MCAD_NAME "C0402"
MCAD_TYPE "part"
END

map_objects_by_name->
ECAD_NAME "2450BM14A0002"
ECAD_ALT_NAME "80-0049"
ECAD_TYPE ""
MCAD_NAME "2450BM14A0002"
MCAD_TYPE "part"
END

map_objects_by_name->
ECAD_NAME "D0603"
ECAD_ALT_NAME "20-0039"
ECAD_TYPE ""
MCAD_NAME "D0603"
MCAD_TYPE "part"
END

map_objects_by_name->
ECAD_NAME "PAD_1x1"
ECAD_ALT_NAME "70-0085"
ECAD_TYPE ""
MCAD_NAME "PAD_1x1"
MCAD_TYPE "part"
END

map_objects_by_name->
ECAD_NAME "R0402"
ECAD_ALT_NAME "02-0264"
ECAD_TYPE ""
MCAD_NAME "R0402"
MCAD_TYPE "part"
END

map_objects_by_name->
ECAD_NAME "R0603"
ECAD_ALT_NAME "01-0414"
ECAD_TYPE ""
MCAD_NAME "R0603"
MCAD_TYPE "part"
END

map_objects_by_name->
ECAD_NAME "C0603"
ECAD_ALT_NAME "10-0011"
ECAD_TYPE ""
MCAD_NAME "C0603"
MCAD_TYPE "part"
END

map_objects_by_name->
ECAD_NAME "QFN24_050_400_400_090"
ECAD_ALT_NAME "40-0253"
ECAD_TYPE ""
MCAD_NAME "QFN24_050_400_400_090"
MCAD_TYPE "part"
END

map_objects_by_name->
ECAD_NAME "NX2520"
ECAD_ALT_NAME "81-0021"
ECAD_TYPE ""
MCAD_NAME "NX2520"
MCAD_TYPE "part"
END

map_objects_by_name->
ECAD_NAME "MS10_050_30_30_110"
ECAD_ALT_NAME "40-0259"
ECAD_TYPE ""
MCAD_NAME "MS10_050_30_30_110"
MCAD_TYPE "part"
END

map_objects_by_name->
ECAD_NAME "C0402"
ECAD_ALT_NAME "10-0064"
ECAD_TYPE ""
MCAD_NAME "C0402"
MCAD_TYPE "part"
END

map_objects_by_name->
ECAD_NAME "SOP008_127_0500_0620_175"
ECAD_ALT_NAME "40-0115"
ECAD_TYPE ""
MCAD_NAME "SOP008_127_0500_0620_175"
MCAD_TYPE "part"
END

map_objects_by_name->
ECAD_NAME "SOT23_5"
ECAD_ALT_NAME "40-0223"
ECAD_TYPE ""
MCAD_NAME "SOT23_5"
MCAD_TYPE "part"
END

map_objects_by_name->
ECAD_NAME "FTSH-105-01-L-DV"
ECAD_ALT_NAME "70-0081"
ECAD_TYPE ""
MCAD_NAME "FTSH-105-01-L-DV"
MCAD_TYPE "part"
END

map_objects_by_name->
ECAD_NAME "R0603"
ECAD_ALT_NAME "00-0109"
ECAD_TYPE ""
MCAD_NAME "R0603"
MCAD_TYPE "part"
END

map_objects_by_name->
ECAD_NAME "C0402"
ECAD_ALT_NAME "10-0062"
ECAD_TYPE ""
MCAD_NAME "C0402"
MCAD_TYPE "part"
END

map_objects_by_name->
ECAD_NAME "B3S_SMD"
ECAD_ALT_NAME "80-0001"
ECAD_TYPE ""
MCAD_NAME "B3S_SMD"
MCAD_TYPE "part"
END

map_objects_by_name->
ECAD_NAME "EQFN48_040_600_600_90"
ECAD_ALT_NAME "40-0251"
ECAD_TYPE ""
MCAD_NAME "EQFN48_040_600_600_90"
MCAD_TYPE "part"
END

map_objects_by_name->
ECAD_NAME "2450AT18A100"
ECAD_ALT_NAME "80-0050"
ECAD_TYPE ""
MCAD_NAME "2450AT18A100"
MCAD_TYPE "part"
END

map_objects_by_name->
ECAD_NAME "C0805"
ECAD_ALT_NAME "10-0061"
ECAD_TYPE ""
MCAD_NAME "C0805"
MCAD_TYPE "part"
END

map_objects_by_name->
ECAD_NAME "TQFP100_050_1630_1630_160"
ECAD_ALT_NAME "40-0262"
ECAD_TYPE ""
MCAD_NAME "TQFP100_050_1630_1630_160"
MCAD_TYPE "part"
END

map_objects_by_name->
ECAD_NAME "C0402"
ECAD_ALT_NAME "10-0059"
ECAD_TYPE ""
MCAD_NAME "C0402"
MCAD_TYPE "part"
END

